src/components/ServiceManager.tsx(23,27): error TS2339: Property 'setBounds' does not exist on type 'Webview'.
src/components/ServiceManager.tsx(40,27): error TS2554: Expected 3 arguments, but got 2.
src/components/ServiceManager.tsx(69,33): error TS6133: 'view' is declared but its value is never read.
src/main.tsx(3,23): error TS2307: Cannot find module './components/MultiView' or its corresponding type declarations.
